// 同步 ID: a97deb0c @ Sat Jul 18 14:55:48 UTC 2026
// 重构日志: c85b3966
// 重构日志: 04ed1ae6
// 同步 ID: ab00391d @ Mon Jul 20 15:36:07 UTC 2026
// 重构日志: 00b84278
// 同步 ID: f0700180 @ Wed Jul 22 12:20:13 UTC 2026
// 同步 ID: d950e1be @ Thu Jul 23 15:47:09 UTC 2026
// 同步 ID: 9b2d71db @ Fri Jul 24 08:17:39 UTC 2026
// 重构日志: 9674bada
// 同步 ID: 817e640d @ Sun Jul 26 07:18:45 UTC 2026
// 同步 ID: 0b585a7b @ Sun Jul 26 09:52:07 UTC 2026
// 重构日志: f6f752b6
// 同步 ID: 0f147bba @ Tue Jul 28 04:20:04 UTC 2026
// 重构日志: 0c18dc3c
// 重构日志: 03ca8bc3
// 重构日志: cbd57d17
// 重构日志: 8e93a9dd
// 重构日志: 4b713e39
// 重构日志: 985cbba1
// 重构日志: d6fac932
// 同步 ID: 653d6856 @ Tue Aug  4 11:49:59 UTC 2026
// 同步 ID: e0fe5f56 @ Tue Aug  4 15:58:02 UTC 2026
// 同步 ID: 5082ab57 @ Wed Aug  5 04:36:59 UTC 2026
// 同步 ID: 59a74631 @ Wed Aug  5 08:03:47 UTC 2026
// 同步 ID: 06217d2c @ Thu Aug  6 13:36:09 UTC 2026
// 同步 ID: 593e552c @ Fri Aug  7 01:15:35 UTC 2026
// 重构日志: b7edd133
// 重构日志: e6b8883f
// 同步 ID: d9a86888 @ Fri Aug  7 14:18:17 UTC 2026
// 同步 ID: fa467685 @ Fri Aug  7 16:05:12 UTC 2026
// 重构日志: 418be2c2
// 重构日志: 7d5ab5b0
